2024-11-04 16:08:13.111 ERROR [main] org.springframework.boot.diagnostics.LoggingFailureAnalysisReporter : 

***************************
APPLICATION FAILED TO START
***************************

Description:

Failed to bind properties under 'logging.level.ru.mynewproject.telegram' to org.springframework.boot.logging.LogLevel:

    Property: logging.level.ru.mynewproject.telegram
    Value: "${log_level}"
    Origin: class path resource [application.yaml] - 31:31
    Reason: failed to convert java.lang.String to org.springframework.boot.logging.LogLevel (caused by java.lang.IllegalArgumentException: No enum constant org.springframework.boot.logging.LogLevel.${log_level})

Action:

Update your application's configuration. The following values are valid:

    DEBUG
    ERROR
    FATAL
    INFO
    OFF
    TRACE
    WARN

2024-11-04 16:08:48.431 ERROR [main] org.springframework.boot.diagnostics.LoggingFailureAnalysisReporter : 

***************************
APPLICATION FAILED TO START
***************************

Description:

Failed to bind properties under 'logging.level.ru.mynewproject.telegram' to org.springframework.boot.logging.LogLevel:

    Property: logging.level.ru.mynewproject.telegram
    Value: "ALL"
    Origin: class path resource [application.yaml] - 31:31
    Reason: failed to convert java.lang.String to org.springframework.boot.logging.LogLevel (caused by java.lang.IllegalArgumentException: No enum constant org.springframework.boot.logging.LogLevel.ALL)

Action:

Update your application's configuration. The following values are valid:

    DEBUG
    ERROR
    FATAL
    INFO
    OFF
    TRACE
    WARN

2024-11-04 16:09:14.601 ERROR [main] org.springframework.boot.diagnostics.LoggingFailureAnalysisReporter : 

***************************
APPLICATION FAILED TO START
***************************

Description:

Failed to bind properties under 'logging.level.ru.mynewproject.telegram' to org.springframework.boot.logging.LogLevel:

    Property: logging.level.ru.mynewproject.telegram
    Value: "ALL"
    Origin: class path resource [application.yaml] - 31:31
    Reason: failed to convert java.lang.String to org.springframework.boot.logging.LogLevel (caused by java.lang.IllegalArgumentException: No enum constant org.springframework.boot.logging.LogLevel.ALL)

Action:

Update your application's configuration. The following values are valid:

    DEBUG
    ERROR
    FATAL
    INFO
    OFF
    TRACE
    WARN

